This file contains any messages produced by compilers while
running configure, to aid debugging if configure makes a mistake.

It was created by configure, which was
generated by GNU Autoconf 2.71.  Invocation command line was

  $ ./configure --prefix=/home/kean/opt/torcs-analysed-1.3.7.1

## --------- ##
## Platform. ##
## --------- ##

hostname = kean-thinkpad-e14-gen-3
uname -m = x86_64
uname -r = 5.15.0-122-generic
uname -s = Linux
uname -v = #132-Ubuntu SMP Thu Aug 29 13:45:52 UTC 2024

/usr/bin/uname -p = x86_64
/bin/uname -X     = unknown

/bin/arch              = x86_64
/usr/bin/arch -k       = unknown
/usr/convex/getsysinfo = unknown
/usr/bin/hostinfo      = unknown
/bin/machine           = unknown
/usr/bin/oslevel       = unknown
/bin/universe          = unknown

PATH: /home/kean/.pyenv/shims/
PATH: /home/kean/.pyenv/bin/
PATH: /home/kean/opt/anaconda3/condabin/
PATH: /home/kean/.cargo/bin/
PATH: /home/kean/bin/
PATH: /home/kean/.local/bin/
PATH: /home/kean/opt/anaconda3/bin/
PATH: /usr/local/sbin/
PATH: /usr/local/bin/
PATH: /usr/sbin/
PATH: /usr/bin/
PATH: /sbin/
PATH: /bin/
PATH: /usr/games/
PATH: /usr/local/games/
PATH: /snap/bin/


## ----------- ##
## Core tests. ##
## ----------- ##

configure:2698: looking for aux files: compile missing install-sh
configure:2711:  trying ./
configure:2740:   ./compile found
configure:2740:   ./missing found
configure:2722:   ./install-sh found
configure:2871: checking for a BSD-compatible install
configure:2944: result: /usr/bin/install -c
configure:2955: checking whether build environment is sane
configure:3010: result: yes
configure:3045: WARNING: 'missing' script is too old or missing
configure:3169: checking for a race-free mkdir -p
configure:3213: result: /usr/bin/mkdir -p
configure:3220: checking for gawk
configure:3255: result: no
configure:3220: checking for mawk
configure:3241: found /usr/bin/mawk
configure:3252: result: mawk
configure:3263: checking whether make sets $(MAKE)
configure:3286: result: yes
configure:3316: checking whether make supports nested variables
configure:3334: result: yes
configure:3534: checking for gcc
configure:3555: found /usr/bin/gcc
configure:3566: result: gcc
configure:3919: checking for C compiler version
configure:3928: gcc --version >&5
gcc (Ubuntu 11.4.0-1ubuntu1~22.04) 11.4.0
Copyright (C) 2021 Free Software Foundation, Inc.
This is free software; see the source for copying conditions.  There is NO
warranty; not even for MERCHANTABILITY or FITNESS FOR A PARTICULAR PURPOSE.

configure:3939: $? = 0
configure:3928: gcc -v >&5
Using built-in specs.
COLLECT_GCC=gcc
COLLECT_LTO_WRAPPER=/usr/lib/gcc/x86_64-linux-gnu/11/lto-wrapper
OFFLOAD_TARGET_NAMES=nvptx-none:amdgcn-amdhsa
OFFLOAD_TARGET_DEFAULT=1
Target: x86_64-linux-gnu
Configured with: ../src/configure -v --with-pkgversion='Ubuntu 11.4.0-1ubuntu1~22.04' --with-bugurl=file:///usr/share/doc/gcc-11/README.Bugs --enable-languages=c,ada,c++,go,brig,d,fortran,objc,obj-c++,m2 --prefix=/usr --with-gcc-major-version-only --program-suffix=-11 --program-prefix=x86_64-linux-gnu- --enable-shared --enable-linker-build-id --libexecdir=/usr/lib --without-included-gettext --enable-threads=posix --libdir=/usr/lib --enable-nls --enable-bootstrap --enable-clocale=gnu --enable-libstdcxx-debug --enable-libstdcxx-time=yes --with-default-libstdcxx-abi=new --enable-gnu-unique-object --disable-vtable-verify --enable-plugin --enable-default-pie --with-system-zlib --enable-libphobos-checking=release --with-target-system-zlib=auto --enable-objc-gc=auto --enable-multiarch --disable-werror --enable-cet --with-arch-32=i686 --with-abi=m64 --with-multilib-list=m32,m64,mx32 --enable-multilib --with-tune=generic --enable-offload-targets=nvptx-none=/build/gcc-11-XeT9lY/gcc-11-11.4.0/debian/tmp-nvptx/usr,amdgcn-amdhsa=/build/gcc-11-XeT9lY/gcc-11-11.4.0/debian/tmp-gcn/usr --without-cuda-driver --enable-checking=release --build=x86_64-linux-gnu --host=x86_64-linux-gnu --target=x86_64-linux-gnu --with-build-config=bootstrap-lto-lean --enable-link-serialization=2
Thread model: posix
Supported LTO compression algorithms: zlib zstd
gcc version 11.4.0 (Ubuntu 11.4.0-1ubuntu1~22.04) 
... rest of stderr output deleted ...
configure:3939: $? = 0
configure:3928: gcc -V >&5
gcc: error: unrecognized command-line option '-V'
gcc: fatal error: no input files
compilation terminated.
configure:3939: $? = 1
configure:3928: gcc -qversion >&5
gcc: error: unrecognized command-line option '-qversion'; did you mean '--version'?
gcc: fatal error: no input files
compilation terminated.
configure:3939: $? = 1
configure:3928: gcc -version >&5
gcc: error: unrecognized command-line option '-version'
gcc: fatal error: no input files
compilation terminated.
configure:3939: $? = 1
configure:3959: checking whether the C compiler works
configure:3981: gcc    conftest.c  >&5
configure:3985: $? = 0
configure:4035: result: yes
configure:4038: checking for C compiler default output file name
configure:4040: result: a.out
configure:4046: checking for suffix of executables
configure:4053: gcc -o conftest    conftest.c  >&5
configure:4057: $? = 0
configure:4080: result: 
configure:4102: checking whether we are cross compiling
configure:4110: gcc -o conftest    conftest.c  >&5
configure:4114: $? = 0
configure:4121: ./conftest
configure:4125: $? = 0
configure:4140: result: no
configure:4145: checking for suffix of object files
configure:4168: gcc -c   conftest.c >&5
configure:4172: $? = 0
configure:4194: result: o
configure:4198: checking whether the compiler supports GNU C
configure:4218: gcc -c   conftest.c >&5
configure:4218: $? = 0
configure:4228: result: yes
configure:4239: checking whether gcc accepts -g
configure:4260: gcc -c -g  conftest.c >&5
configure:4260: $? = 0
configure:4304: result: yes
configure:4324: checking for gcc option to enable C11 features
configure:4339: gcc  -c -g -O2  conftest.c >&5
configure:4339: $? = 0
configure:4357: result: none needed
configure:4473: checking whether gcc understands -c and -o together
configure:4496: gcc -c conftest.c -o conftest2.o
configure:4499: $? = 0
configure:4496: gcc -c conftest.c -o conftest2.o
configure:4499: $? = 0
configure:4511: result: yes
configure:4531: checking whether make supports the include directive
configure:4546: make -f confmf.GNU && cat confinc.out
this is the am__doit target
configure:4549: $? = 0
configure:4568: result: yes (GNU style)
configure:4594: checking dependency style of gcc
configure:4706: result: none
configure:4726: checking how to run the C preprocessor
configure:4752: gcc -E  conftest.c
configure:4752: $? = 0
configure:4767: gcc -E  conftest.c
conftest.c:11:10: fatal error: ac_nonexistent.h: No such file or directory
   11 | #include <ac_nonexistent.h>
      |          ^~~~~~~~~~~~~~~~~~
compilation terminated.
configure:4767: $? = 1
configure: failed program was:
| /* confdefs.h */
| #define PACKAGE_NAME ""
| #define PACKAGE_TARNAME ""
| #define PACKAGE_VERSION ""
| #define PACKAGE_STRING ""
| #define PACKAGE_BUGREPORT ""
| #define PACKAGE_URL ""
| #define PACKAGE "torcs"
| #define VERSION "1.3.7"
| /* end confdefs.h.  */
| #include <ac_nonexistent.h>
configure:4794: result: gcc -E
configure:4808: gcc -E  conftest.c
configure:4808: $? = 0
configure:4823: gcc -E  conftest.c
conftest.c:11:10: fatal error: ac_nonexistent.h: No such file or directory
   11 | #include <ac_nonexistent.h>
      |          ^~~~~~~~~~~~~~~~~~
compilation terminated.
configure:4823: $? = 1
configure: failed program was:
| /* confdefs.h */
| #define PACKAGE_NAME ""
| #define PACKAGE_TARNAME ""
| #define PACKAGE_VERSION ""
| #define PACKAGE_STRING ""
| #define PACKAGE_BUGREPORT ""
| #define PACKAGE_URL ""
| #define PACKAGE "torcs"
| #define VERSION "1.3.7"
| /* end confdefs.h.  */
| #include <ac_nonexistent.h>
configure:4930: checking for g++
configure:4951: found /usr/bin/g++
configure:4962: result: g++
configure:4989: checking for C++ compiler version
configure:4998: g++ --version >&5
g++ (Ubuntu 11.4.0-1ubuntu1~22.04) 11.4.0
Copyright (C) 2021 Free Software Foundation, Inc.
This is free software; see the source for copying conditions.  There is NO
warranty; not even for MERCHANTABILITY or FITNESS FOR A PARTICULAR PURPOSE.

configure:5009: $? = 0
configure:4998: g++ -v >&5
Using built-in specs.
COLLECT_GCC=g++
COLLECT_LTO_WRAPPER=/usr/lib/gcc/x86_64-linux-gnu/11/lto-wrapper
OFFLOAD_TARGET_NAMES=nvptx-none:amdgcn-amdhsa
OFFLOAD_TARGET_DEFAULT=1
Target: x86_64-linux-gnu
Configured with: ../src/configure -v --with-pkgversion='Ubuntu 11.4.0-1ubuntu1~22.04' --with-bugurl=file:///usr/share/doc/gcc-11/README.Bugs --enable-languages=c,ada,c++,go,brig,d,fortran,objc,obj-c++,m2 --prefix=/usr --with-gcc-major-version-only --program-suffix=-11 --program-prefix=x86_64-linux-gnu- --enable-shared --enable-linker-build-id --libexecdir=/usr/lib --without-included-gettext --enable-threads=posix --libdir=/usr/lib --enable-nls --enable-bootstrap --enable-clocale=gnu --enable-libstdcxx-debug --enable-libstdcxx-time=yes --with-default-libstdcxx-abi=new --enable-gnu-unique-object --disable-vtable-verify --enable-plugin --enable-default-pie --with-system-zlib --enable-libphobos-checking=release --with-target-system-zlib=auto --enable-objc-gc=auto --enable-multiarch --disable-werror --enable-cet --with-arch-32=i686 --with-abi=m64 --with-multilib-list=m32,m64,mx32 --enable-multilib --with-tune=generic --enable-offload-targets=nvptx-none=/build/gcc-11-XeT9lY/gcc-11-11.4.0/debian/tmp-nvptx/usr,amdgcn-amdhsa=/build/gcc-11-XeT9lY/gcc-11-11.4.0/debian/tmp-gcn/usr --without-cuda-driver --enable-checking=release --build=x86_64-linux-gnu --host=x86_64-linux-gnu --target=x86_64-linux-gnu --with-build-config=bootstrap-lto-lean --enable-link-serialization=2
Thread model: posix
Supported LTO compression algorithms: zlib zstd
gcc version 11.4.0 (Ubuntu 11.4.0-1ubuntu1~22.04) 
... rest of stderr output deleted ...
configure:5009: $? = 0
configure:4998: g++ -V >&5
g++: error: unrecognized command-line option '-V'
g++: fatal error: no input files
compilation terminated.
configure:5009: $? = 1
configure:4998: g++ -qversion >&5
g++: error: unrecognized command-line option '-qversion'; did you mean '--version'?
g++: fatal error: no input files
compilation terminated.
configure:5009: $? = 1
configure:5013: checking whether the compiler supports GNU C++
configure:5033: g++ -c   conftest.cpp >&5
configure:5033: $? = 0
configure:5043: result: yes
configure:5054: checking whether g++ accepts -g
configure:5075: g++ -c -g  conftest.cpp >&5
configure:5075: $? = 0
configure:5119: result: yes
configure:5139: checking for g++ option to enable C++11 features
configure:5154: g++  -c -g -O2  conftest.cpp >&5
conftest.cpp: In function 'int main(int, char**)':
conftest.cpp:177:25: warning: empty parentheses were disambiguated as a function declaration [-Wvexing-parse]
  177 |   cxx11test::delegate d2();
      |                         ^~
conftest.cpp:177:25: note: remove parentheses to default-initialize a variable
  177 |   cxx11test::delegate d2();
      |                         ^~
      |                         --
conftest.cpp:177:25: note: or replace parentheses with braces to value-initialize a variable
configure:5154: $? = 0
configure:5172: result: none needed
configure:5238: checking dependency style of g++
configure:5350: result: none
configure:5413: checking for ranlib
configure:5434: found /usr/bin/ranlib
configure:5445: result: ranlib
configure:5474: checking for stdio.h
configure:5474: g++ -c -g -O2  conftest.cpp >&5
configure:5474: $? = 0
configure:5474: result: yes
configure:5474: checking for stdlib.h
configure:5474: g++ -c -g -O2  conftest.cpp >&5
configure:5474: $? = 0
configure:5474: result: yes
configure:5474: checking for string.h
configure:5474: g++ -c -g -O2  conftest.cpp >&5
configure:5474: $? = 0
configure:5474: result: yes
configure:5474: checking for inttypes.h
configure:5474: g++ -c -g -O2  conftest.cpp >&5
configure:5474: $? = 0
configure:5474: result: yes
configure:5474: checking for stdint.h
configure:5474: g++ -c -g -O2  conftest.cpp >&5
configure:5474: $? = 0
configure:5474: result: yes
configure:5474: checking for strings.h
configure:5474: g++ -c -g -O2  conftest.cpp >&5
configure:5474: $? = 0
configure:5474: result: yes
configure:5474: checking for sys/stat.h
configure:5474: g++ -c -g -O2  conftest.cpp >&5
configure:5474: $? = 0
configure:5474: result: yes
configure:5474: checking for sys/types.h
configure:5474: g++ -c -g -O2  conftest.cpp >&5
configure:5474: $? = 0
configure:5474: result: yes
configure:5474: checking for unistd.h
configure:5474: g++ -c -g -O2  conftest.cpp >&5
configure:5474: $? = 0
configure:5474: result: yes
configure:5474: checking for sys/time.h
configure:5474: g++ -c -g -O2  conftest.cpp >&5
configure:5474: $? = 0
configure:5474: result: yes
configure:5499: checking for grep that handles long lines and -e
configure:5563: result: /usr/bin/grep
configure:5571: checking for egrep
configure:5639: result: /usr/bin/grep -E
configure:5646: checking for an ANSI C-conforming const
configure:5713: g++ -c -g -O2  conftest.cpp >&5
configure:5713: $? = 0
configure:5721: result: yes
configure:5729: checking for inline
configure:5746: g++ -c -g -O2  conftest.cpp >&5
configure:5746: $? = 0
configure:5755: result: inline
configure:5786: checking for ar
configure:5819: result: ar
configure:5829: checking for ld
configure:5862: result: ld
configure:5871: checking whether byte ordering is bigendian
configure:5887: g++ -c -g -O2  conftest.cpp >&5
conftest.cpp:24:16: error: expected unqualified-id before 'not' token
   24 |                not a universal capable compiler
      |                ^~~
configure:5887: $? = 1
configure: failed program was:
| /* confdefs.h */
| #define PACKAGE_NAME ""
| #define PACKAGE_TARNAME ""
| #define PACKAGE_VERSION ""
| #define PACKAGE_STRING ""
| #define PACKAGE_BUGREPORT ""
| #define PACKAGE_URL ""
| #define PACKAGE "torcs"
| #define VERSION "1.3.7"
| #define HAVE_STDIO_H 1
| #define HAVE_STDLIB_H 1
| #define HAVE_STRING_H 1
| #define HAVE_INTTYPES_H 1
| #define HAVE_STDINT_H 1
| #define HAVE_STRINGS_H 1
| #define HAVE_SYS_STAT_H 1
| #define HAVE_SYS_TYPES_H 1
| #define HAVE_UNISTD_H 1
| #define HAVE_SYS_TIME_H 1
| #define STDC_HEADERS 1
| #define TIME_WITH_SYS_TIME 1
| /* end confdefs.h.  */
| #ifndef __APPLE_CC__
| 	       not a universal capable compiler
| 	     #endif
| 	     typedef int dummy;
| 
configure:5933: g++ -c -g -O2  conftest.cpp >&5
configure:5933: $? = 0
configure:5952: g++ -c -g -O2  conftest.cpp >&5
conftest.cpp: In function 'int main()':
conftest.cpp:30:22: error: 'big' was not declared in this scope
   30 |                  not big endian
      |                      ^~~
configure:5952: $? = 1
configure: failed program was:
| /* confdefs.h */
| #define PACKAGE_NAME ""
| #define PACKAGE_TARNAME ""
| #define PACKAGE_VERSION ""
| #define PACKAGE_STRING ""
| #define PACKAGE_BUGREPORT ""
| #define PACKAGE_URL ""
| #define PACKAGE "torcs"
| #define VERSION "1.3.7"
| #define HAVE_STDIO_H 1
| #define HAVE_STDLIB_H 1
| #define HAVE_STRING_H 1
| #define HAVE_INTTYPES_H 1
| #define HAVE_STDINT_H 1
| #define HAVE_STRINGS_H 1
| #define HAVE_SYS_STAT_H 1
| #define HAVE_SYS_TYPES_H 1
| #define HAVE_UNISTD_H 1
| #define HAVE_SYS_TIME_H 1
| #define STDC_HEADERS 1
| #define TIME_WITH_SYS_TIME 1
| /* end confdefs.h.  */
| #include <sys/types.h>
| 		#include <sys/param.h>
| 
| int
| main (void)
| {
| #if BYTE_ORDER != BIG_ENDIAN
| 		 not big endian
| 		#endif
| 
|   ;
|   return 0;
| }
configure:6086: result: no
configure:6110: checking how to run the C++ preprocessor
configure:6132: g++ -E  conftest.cpp
configure:6132: $? = 0
configure:6147: g++ -E  conftest.cpp
conftest.cpp:23:10: fatal error: ac_nonexistent.h: No such file or directory
   23 | #include <ac_nonexistent.h>
      |          ^~~~~~~~~~~~~~~~~~
compilation terminated.
configure:6147: $? = 1
configure: failed program was:
| /* confdefs.h */
| #define PACKAGE_NAME ""
| #define PACKAGE_TARNAME ""
| #define PACKAGE_VERSION ""
| #define PACKAGE_STRING ""
| #define PACKAGE_BUGREPORT ""
| #define PACKAGE_URL ""
| #define PACKAGE "torcs"
| #define VERSION "1.3.7"
| #define HAVE_STDIO_H 1
| #define HAVE_STDLIB_H 1
| #define HAVE_STRING_H 1
| #define HAVE_INTTYPES_H 1
| #define HAVE_STDINT_H 1
| #define HAVE_STRINGS_H 1
| #define HAVE_SYS_STAT_H 1
| #define HAVE_SYS_TYPES_H 1
| #define HAVE_UNISTD_H 1
| #define HAVE_SYS_TIME_H 1
| #define STDC_HEADERS 1
| #define TIME_WITH_SYS_TIME 1
| /* end confdefs.h.  */
| #include <ac_nonexistent.h>
configure:6174: result: g++ -E
configure:6188: g++ -E  conftest.cpp
configure:6188: $? = 0
configure:6203: g++ -E  conftest.cpp
conftest.cpp:23:10: fatal error: ac_nonexistent.h: No such file or directory
   23 | #include <ac_nonexistent.h>
      |          ^~~~~~~~~~~~~~~~~~
compilation terminated.
configure:6203: $? = 1
configure: failed program was:
| /* confdefs.h */
| #define PACKAGE_NAME ""
| #define PACKAGE_TARNAME ""
| #define PACKAGE_VERSION ""
| #define PACKAGE_STRING ""
| #define PACKAGE_BUGREPORT ""
| #define PACKAGE_URL ""
| #define PACKAGE "torcs"
| #define VERSION "1.3.7"
| #define HAVE_STDIO_H 1
| #define HAVE_STDLIB_H 1
| #define HAVE_STRING_H 1
| #define HAVE_INTTYPES_H 1
| #define HAVE_STDINT_H 1
| #define HAVE_STRINGS_H 1
| #define HAVE_SYS_STAT_H 1
| #define HAVE_SYS_TYPES_H 1
| #define HAVE_UNISTD_H 1
| #define HAVE_SYS_TIME_H 1
| #define STDC_HEADERS 1
| #define TIME_WITH_SYS_TIME 1
| /* end confdefs.h.  */
| #include <ac_nonexistent.h>
configure:6234: checking for X
configure:6272: g++ -o conftest -g -O2   conftest.cpp -lX11  >&5
configure:6272: $? = 0
configure:6459: result: libraries , headers 
configure:6518: checking for GL/gl.h
configure:6518: g++ -c -g -O2 -Wall -fPIC -fno-strict-aliasing -O2 -DUSE_RANDR_EXT -DGL_GLEXT_PROTOTYPES  conftest.cpp >&5
configure:6518: $? = 0
configure:6518: result: yes
configure:6526: checking for GL/glut.h
configure:6526: g++ -c -g -O2 -Wall -fPIC -fno-strict-aliasing -O2 -DUSE_RANDR_EXT -DGL_GLEXT_PROTOTYPES  conftest.cpp >&5
configure:6526: $? = 0
configure:6526: result: yes
configure:6534: checking for GL/glx.h
configure:6534: g++ -c -g -O2 -Wall -fPIC -fno-strict-aliasing -O2 -DUSE_RANDR_EXT -DGL_GLEXT_PROTOTYPES  conftest.cpp >&5
configure:6534: $? = 0
configure:6534: result: yes
configure:6542: checking for X11/Xlib.h
configure:6542: g++ -c -g -O2 -Wall -fPIC -fno-strict-aliasing -O2 -DUSE_RANDR_EXT -DGL_GLEXT_PROTOTYPES  conftest.cpp >&5
configure:6542: $? = 0
configure:6542: result: yes
configure:6550: checking for X11/Xatom.h
configure:6550: g++ -c -g -O2 -Wall -fPIC -fno-strict-aliasing -O2 -DUSE_RANDR_EXT -DGL_GLEXT_PROTOTYPES  conftest.cpp >&5
configure:6550: $? = 0
configure:6550: result: yes
configure:6558: checking for X11/keysym.h
configure:6558: g++ -c -g -O2 -Wall -fPIC -fno-strict-aliasing -O2 -DUSE_RANDR_EXT -DGL_GLEXT_PROTOTYPES  conftest.cpp >&5
configure:6558: $? = 0
configure:6558: result: yes
configure:6566: checking for plib/ssg.h
configure:6566: g++ -c -g -O2 -Wall -fPIC -fno-strict-aliasing -O2 -DUSE_RANDR_EXT -DGL_GLEXT_PROTOTYPES  conftest.cpp >&5
configure:6566: $? = 0
configure:6566: result: yes
configure:6574: checking for plib/ul.h
configure:6574: g++ -c -g -O2 -Wall -fPIC -fno-strict-aliasing -O2 -DUSE_RANDR_EXT -DGL_GLEXT_PROTOTYPES  conftest.cpp >&5
configure:6574: $? = 0
configure:6574: result: yes
configure:6582: checking for plib/ssgAux.h
configure:6582: g++ -c -g -O2 -Wall -fPIC -fno-strict-aliasing -O2 -DUSE_RANDR_EXT -DGL_GLEXT_PROTOTYPES  conftest.cpp >&5
configure:6582: $? = 0
configure:6582: result: yes
configure:6590: checking for plib/js.h
configure:6590: g++ -c -g -O2 -Wall -fPIC -fno-strict-aliasing -O2 -DUSE_RANDR_EXT -DGL_GLEXT_PROTOTYPES  conftest.cpp >&5
configure:6590: $? = 0
configure:6590: result: yes
configure:6598: checking for AL/al.h
configure:6598: g++ -c -g -O2 -Wall -fPIC -fno-strict-aliasing -O2 -DUSE_RANDR_EXT -DGL_GLEXT_PROTOTYPES  conftest.cpp >&5
configure:6598: $? = 0
configure:6598: result: yes
configure:6606: checking for AL/alut.h
configure:6606: g++ -c -g -O2 -Wall -fPIC -fno-strict-aliasing -O2 -DUSE_RANDR_EXT -DGL_GLEXT_PROTOTYPES  conftest.cpp >&5
configure:6606: $? = 0
configure:6606: result: yes
configure:6614: checking for vorbis/vorbisfile.h
configure:6614: g++ -c -g -O2 -Wall -fPIC -fno-strict-aliasing -O2 -DUSE_RANDR_EXT -DGL_GLEXT_PROTOTYPES  conftest.cpp >&5
configure:6614: $? = 0
configure:6614: result: yes
configure:6628: checking for sin in -lm
configure:6650: g++ -o conftest -g -O2 -Wall -fPIC -fno-strict-aliasing -O2 -DUSE_RANDR_EXT -DGL_GLEXT_PROTOTYPES   conftest.cpp -lm   >&5
configure:6650: $? = 0
configure:6660: result: yes
configure:6677: checking for XOpenDisplay in -lX11
configure:6699: g++ -o conftest -g -O2 -Wall -fPIC -fno-strict-aliasing -O2 -DUSE_RANDR_EXT -DGL_GLEXT_PROTOTYPES   conftest.cpp -lX11  -lm  >&5
configure:6699: $? = 0
configure:6709: result: yes
configure:6721: checking for XShmCreateImage in -lXext
configure:6743: g++ -o conftest -g -O2 -Wall -fPIC -fno-strict-aliasing -O2 -DUSE_RANDR_EXT -DGL_GLEXT_PROTOTYPES   conftest.cpp -lXext  -lX11 -lm  >&5
configure:6743: $? = 0
configure:6753: result: yes
configure:6765: checking for IceSetIOErrorHandler in -lICE
configure:6787: g++ -o conftest -g -O2 -Wall -fPIC -fno-strict-aliasing -O2 -DUSE_RANDR_EXT -DGL_GLEXT_PROTOTYPES   conftest.cpp -lICE  -lXext -lX11 -lm  >&5
configure:6787: $? = 0
configure:6797: result: yes
configure:6809: checking for SmsSetErrorHandler in -lSM
configure:6831: g++ -o conftest -g -O2 -Wall -fPIC -fno-strict-aliasing -O2 -DUSE_RANDR_EXT -DGL_GLEXT_PROTOTYPES   conftest.cpp -lSM  -lICE -lXext -lX11 -lm  >&5
configure:6831: $? = 0
configure:6841: result: yes
configure:6853: checking for XtDisplay in -lXt
configure:6875: g++ -o conftest -g -O2 -Wall -fPIC -fno-strict-aliasing -O2 -DUSE_RANDR_EXT -DGL_GLEXT_PROTOTYPES   conftest.cpp -lXt  -lSM -lICE -lXext -lX11 -lm  >&5
configure:6875: $? = 0
configure:6885: result: yes
configure:6897: checking for XOpenDevice in -lXi
configure:6919: g++ -o conftest -g -O2 -Wall -fPIC -fno-strict-aliasing -O2 -DUSE_RANDR_EXT -DGL_GLEXT_PROTOTYPES   conftest.cpp -lXi  -lXt -lSM -lICE -lXext -lX11 -lm  >&5
configure:6919: $? = 0
configure:6929: result: yes
configure:6941: checking for XmuSimpleErrorHandler in -lXmu
configure:6963: g++ -o conftest -g -O2 -Wall -fPIC -fno-strict-aliasing -O2 -DUSE_RANDR_EXT -DGL_GLEXT_PROTOTYPES   conftest.cpp -lXmu  -lXi -lXt -lSM -lICE -lXext -lX11 -lm  >&5
configure:6963: $? = 0
configure:6973: result: yes
configure:6985: checking for XF86VidModeSetViewPort in -lXxf86vm
configure:7007: g++ -o conftest -g -O2 -Wall -fPIC -fno-strict-aliasing -O2 -DUSE_RANDR_EXT -DGL_GLEXT_PROTOTYPES   conftest.cpp -lXxf86vm  -lXmu -lXi -lXt -lSM -lICE -lXext -lX11 -lm  >&5
configure:7007: $? = 0
configure:7017: result: yes
configure:7029: checking for XRenderSetSubpixelOrder in -lXrender
configure:7051: g++ -o conftest -g -O2 -Wall -fPIC -fno-strict-aliasing -O2 -DUSE_RANDR_EXT -DGL_GLEXT_PROTOTYPES   conftest.cpp -lXrender  -lXxf86vm -lXmu -lXi -lXt -lSM -lICE -lXext -lX11 -lm  >&5
configure:7051: $? = 0
configure:7061: result: yes
configure:7073: checking for XRRQueryVersion in -lXrandr
configure:7095: g++ -o conftest -g -O2 -Wall -fPIC -fno-strict-aliasing -O2 -DUSE_RANDR_EXT -DGL_GLEXT_PROTOTYPES   conftest.cpp -lXrandr  -lXrender -lXxf86vm -lXmu -lXi -lXt -lSM -lICE -lXext -lX11 -lm  >&5
configure:7095: $? = 0
configure:7105: result: yes
configure:7117: checking for alEnable in -lopenal
configure:7139: g++ -o conftest -g -O2 -Wall -fPIC -fno-strict-aliasing -O2 -DUSE_RANDR_EXT -DGL_GLEXT_PROTOTYPES   conftest.cpp -lopenal  -lXrandr -lXrender -lXxf86vm -lXmu -lXi -lXt -lSM -lICE -lXext -lX11 -lm  >&5
configure:7139: $? = 0
configure:7149: result: yes
configure:7158: checking for alutLoadWAVFile in -lalut
configure:7180: g++ -o conftest -g -O2 -Wall -fPIC -fno-strict-aliasing -O2 -DUSE_RANDR_EXT -DGL_GLEXT_PROTOTYPES   -lopenal conftest.cpp -lalut  -lXrandr -lXrender -lXxf86vm -lXmu -lXi -lXt -lSM -lICE -lXext -lX11 -lm  >&5
configure:7180: $? = 0
configure:7190: result: yes
configure:7199: checking for ov_fopen in -lvorbisfile
configure:7221: g++ -o conftest -g -O2 -Wall -fPIC -fno-strict-aliasing -O2 -DUSE_RANDR_EXT -DGL_GLEXT_PROTOTYPES   -lopenal -lalut conftest.cpp -lvorbisfile  -lXrandr -lXrender -lXxf86vm -lXmu -lXi -lXt -lSM -lICE -lXext -lX11 -lm  >&5
configure:7221: $? = 0
configure:7231: result: yes
configure:7241: checking for dlopen in -ldl
configure:7263: g++ -o conftest -g -O2 -Wall -fPIC -fno-strict-aliasing -O2 -DUSE_RANDR_EXT -DGL_GLEXT_PROTOTYPES   -lopenal -lalut -lvorbisfile conftest.cpp -ldl  -lXrandr -lXrender -lXxf86vm -lXmu -lXi -lXt -lSM -lICE -lXext -lX11 -lm  >&5
configure:7263: $? = 0
configure:7273: result: yes
configure:7283: checking for dlopen
configure:7283: g++ -o conftest -g -O2 -Wall -fPIC -fno-strict-aliasing -O2 -DUSE_RANDR_EXT -DGL_GLEXT_PROTOTYPES   -lopenal -lalut -lvorbisfile conftest.cpp -ldl -lXrandr -lXrender -lXxf86vm -lXmu -lXi -lXt -lSM -lICE -lXext -lX11 -lm  >&5
configure:7283: $? = 0
configure:7283: result: yes
configure:7292: checking for strndup
configure:7292: g++ -o conftest -g -O2 -Wall -fPIC -fno-strict-aliasing -O2 -DUSE_RANDR_EXT -DGL_GLEXT_PROTOTYPES   -lopenal -lalut -lvorbisfile conftest.cpp -ldl -lXrandr -lXrender -lXxf86vm -lXmu -lXi -lXt -lSM -lICE -lXext -lX11 -lm  >&5
conftest.cpp:51:6: warning: declaration of 'char strndup()' conflicts with built-in declaration 'char* strndup(const char*, long unsigned int)' [-Wbuiltin-declaration-mismatch]
   51 | char strndup ();
      |      ^~~~~~~
configure:7292: $? = 0
configure:7292: result: yes
configure:7300: checking for crc32 in -lz
configure:7322: g++ -o conftest -g -O2 -Wall -fPIC -fno-strict-aliasing -O2 -DUSE_RANDR_EXT -DGL_GLEXT_PROTOTYPES   -lopenal -lalut -lvorbisfile conftest.cpp -lz  -ldl -lXrandr -lXrender -lXxf86vm -lXmu -lXi -lXt -lSM -lICE -lXext -lX11 -lm  >&5
configure:7322: $? = 0
configure:7332: result: yes
configure:7344: checking for png_init_io in -lpng
configure:7366: g++ -o conftest -g -O2 -Wall -fPIC -fno-strict-aliasing -O2 -DUSE_RANDR_EXT -DGL_GLEXT_PROTOTYPES   -lopenal -lalut -lvorbisfile conftest.cpp -lpng  -lz -ldl -lXrandr -lXrender -lXxf86vm -lXmu -lXi -lXt -lSM -lICE -lXext -lX11 -lm  >&5
configure:7366: $? = 0
configure:7376: result: yes
configure:7389: checking for glGetString in -lGL
configure:7411: g++ -o conftest -g -O2 -Wall -fPIC -fno-strict-aliasing -O2 -DUSE_RANDR_EXT -DGL_GLEXT_PROTOTYPES   -lopenal -lalut -lvorbisfile conftest.cpp -lGL  -lpng -lz -ldl -lXrandr -lXrender -lXxf86vm -lXmu -lXi -lXt -lSM -lICE -lXext -lX11 -lm  >&5
configure:7411: $? = 0
configure:7421: result: yes
configure:7433: checking for gluOrtho2D in -lGLU
configure:7455: g++ -o conftest -g -O2 -Wall -fPIC -fno-strict-aliasing -O2 -DUSE_RANDR_EXT -DGL_GLEXT_PROTOTYPES   -lopenal -lalut -lvorbisfile conftest.cpp -lGLU  -lGL -lpng -lz -ldl -lXrandr -lXrender -lXxf86vm -lXmu -lXi -lXt -lSM -lICE -lXext -lX11 -lm  >&5
configure:7455: $? = 0
configure:7465: result: yes
configure:7477: checking for glutSwapBuffers in -lglut
configure:7499: g++ -o conftest -g -O2 -Wall -fPIC -fno-strict-aliasing -O2 -DUSE_RANDR_EXT -DGL_GLEXT_PROTOTYPES   -lopenal -lalut -lvorbisfile conftest.cpp -lglut  -lGLU -lGL -lpng -lz -ldl -lXrandr -lXrender -lXxf86vm -lXmu -lXi -lXt -lSM -lICE -lXext -lX11 -lm  >&5
configure:7499: $? = 0
configure:7509: result: yes
configure:7522: checking for main in -lplibul
configure:7544: g++ -o conftest -g -O2 -Wall -fPIC -fno-strict-aliasing -O2 -DUSE_RANDR_EXT -DGL_GLEXT_PROTOTYPES   -lopenal -lalut -lvorbisfile conftest.cpp -lplibul  -lglut -lGLU -lGL -lpng -lz -ldl -lXrandr -lXrender -lXxf86vm -lXmu -lXi -lXt -lSM -lICE -lXext -lX11 -lm  >&5
configure:7544: $? = 0
configure:7554: result: yes
configure:7566: checking for main in -lplibsg
configure:7588: g++ -o conftest -g -O2 -Wall -fPIC -fno-strict-aliasing -O2 -DUSE_RANDR_EXT -DGL_GLEXT_PROTOTYPES   -lopenal -lalut -lvorbisfile conftest.cpp -lplibsg  -lplibul -lglut -lGLU -lGL -lpng -lz -ldl -lXrandr -lXrender -lXxf86vm -lXmu -lXi -lXt -lSM -lICE -lXext -lX11 -lm  >&5
configure:7588: $? = 0
configure:7598: result: yes
configure:7610: checking for main in -lplibsl
configure:7632: g++ -o conftest -g -O2 -Wall -fPIC -fno-strict-aliasing -O2 -DUSE_RANDR_EXT -DGL_GLEXT_PROTOTYPES   -lopenal -lalut -lvorbisfile conftest.cpp -lplibsl  -lplibsg -lplibul -lglut -lGLU -lGL -lpng -lz -ldl -lXrandr -lXrender -lXxf86vm -lXmu -lXi -lXt -lSM -lICE -lXext -lX11 -lm  >&5
configure:7632: $? = 0
configure:7642: result: yes
configure:7654: checking for main in -lplibsm
configure:7676: g++ -o conftest -g -O2 -Wall -fPIC -fno-strict-aliasing -O2 -DUSE_RANDR_EXT -DGL_GLEXT_PROTOTYPES   -lopenal -lalut -lvorbisfile conftest.cpp -lplibsm  -lplibsl -lplibsg -lplibul -lglut -lGLU -lGL -lpng -lz -ldl -lXrandr -lXrender -lXxf86vm -lXmu -lXi -lXt -lSM -lICE -lXext -lX11 -lm  >&5
configure:7676: $? = 0
configure:7686: result: yes
configure:7698: checking for main in -lplibssg
configure:7720: g++ -o conftest -g -O2 -Wall -fPIC -fno-strict-aliasing -O2 -DUSE_RANDR_EXT -DGL_GLEXT_PROTOTYPES   -lopenal -lalut -lvorbisfile conftest.cpp -lplibssg  -lplibsm -lplibsl -lplibsg -lplibul -lglut -lGLU -lGL -lpng -lz -ldl -lXrandr -lXrender -lXxf86vm -lXmu -lXi -lXt -lSM -lICE -lXext -lX11 -lm  >&5
configure:7720: $? = 0
configure:7730: result: yes
configure:7742: checking for main in -lplibssgaux
configure:7764: g++ -o conftest -g -O2 -Wall -fPIC -fno-strict-aliasing -O2 -DUSE_RANDR_EXT -DGL_GLEXT_PROTOTYPES   -lopenal -lalut -lvorbisfile conftest.cpp -lplibssgaux  -lplibssg -lplibsm -lplibsl -lplibsg -lplibul -lglut -lGLU -lGL -lpng -lz -ldl -lXrandr -lXrender -lXxf86vm -lXmu -lXi -lXt -lSM -lICE -lXext -lX11 -lm  >&5
configure:7764: $? = 0
configure:7774: result: yes
configure:7786: checking for main in -lplibjs
configure:7808: g++ -o conftest -g -O2 -Wall -fPIC -fno-strict-aliasing -O2 -DUSE_RANDR_EXT -DGL_GLEXT_PROTOTYPES   -lopenal -lalut -lvorbisfile conftest.cpp -lplibjs  -lplibssgaux -lplibssg -lplibsm -lplibsl -lplibsg -lplibul -lglut -lGLU -lGL -lpng -lz -ldl -lXrandr -lXrender -lXxf86vm -lXmu -lXi -lXt -lSM -lICE -lXext -lX11 -lm  >&5
configure:7808: $? = 0
configure:7818: result: yes
configure:7832: checking for plib 1.8.3 or newer
configure:7854: g++ -o conftest -g -O2 -Wall -fPIC -fno-strict-aliasing -O2 -DUSE_RANDR_EXT -DGL_GLEXT_PROTOTYPES   -lopenal -lalut -lvorbisfile conftest.cpp -lplibjs -lplibssgaux -lplibssg -lplibsm -lplibsl -lplibsg -lplibul -lglut -lGLU -lGL -lpng -lz -ldl -lXrandr -lXrender -lXxf86vm -lXmu -lXi -lXt -lSM -lICE -lXext -lX11 -lm  >&5
configure:7854: $? = 0
configure:7854: ./conftest
configure:7854: $? = 0
configure:7856: result: yes
configure:7869: checking for GL_VERSION_1_3
configure:7890: g++ -o conftest -g -O2 -Wall -fPIC -fno-strict-aliasing -O2 -DUSE_RANDR_EXT -DGL_GLEXT_PROTOTYPES   -lopenal -lalut -lvorbisfile conftest.cpp -lplibjs -lplibssgaux -lplibssg -lplibsm -lplibsl -lplibsg -lplibul -lglut -lGLU -lGL -lpng -lz -ldl -lXrandr -lXrender -lXxf86vm -lXmu -lXi -lXt -lSM -lICE -lXext -lX11 -lm  >&5
configure:7890: $? = 0
configure:7890: ./conftest
configure:7890: $? = 0
configure:7892: result: yes
configure:7904: checking for GL_ARB_texture_compression
configure:7925: g++ -o conftest -g -O2 -Wall -fPIC -fno-strict-aliasing -O2 -DUSE_RANDR_EXT -DGL_GLEXT_PROTOTYPES   -lopenal -lalut -lvorbisfile conftest.cpp -lplibjs -lplibssgaux -lplibssg -lplibsm -lplibsl -lplibsg -lplibul -lglut -lGLU -lGL -lpng -lz -ldl -lXrandr -lXrender -lXxf86vm -lXmu -lXi -lXt -lSM -lICE -lXext -lX11 -lm  >&5
configure:7925: $? = 0
configure:7925: ./conftest
configure:7925: $? = 0
configure:7927: result: yes
configure:8049: checking that generated files are newer than configure
configure:8055: result: done
configure:8083: creating ./config.status

## ---------------------- ##
## Running config.status. ##
## ---------------------- ##

This file was extended by config.status, which was
generated by GNU Autoconf 2.71.  Invocation command line was

  CONFIG_FILES    = 
  CONFIG_HEADERS  = 
  CONFIG_LINKS    = 
  CONFIG_COMMANDS = 
  $ ./config.status 

on kean-thinkpad-e14-gen-3

config.status:908: creating Make-config
config.status:908: creating src/linux/torcs
config.status:908: creating src/tools/accc/accc
config.status:908: creating src/tools/nfs2ac/nfs2ac
config.status:908: creating src/tools/nfsperf/nfsperf
config.status:908: creating src/tools/texmapper/texmapper
config.status:908: creating src/tools/trackgen/trackgen
config.status:908: creating src/doc/torcsdoc.conf
config.status:908: creating src/tools/package/specfiles/torcs-data.spec
config.status:908: creating src/tools/package/specfiles/torcs-data-cars-Patwo-Design.spec
config.status:908: creating src/tools/package/specfiles/torcs-data-cars-kcendra-gt.spec
config.status:908: creating src/tools/package/specfiles/torcs-data-cars-kcendra-sport.spec
config.status:908: creating src/tools/package/specfiles/torcs-data-cars-kcendra-roadsters.spec
config.status:908: creating src/tools/package/specfiles/torcs-data-cars-extra.spec
config.status:908: creating src/tools/package/specfiles/torcs-data-tracks-base.spec
config.status:908: creating src/tools/package/specfiles/torcs-robot-K1999.spec
config.status:908: creating src/tools/package/specfiles/torcs-robot-base.spec
config.status:908: creating src/tools/package/specfiles/torcs.spec
config.status:908: creating config.h
config.status:1089: config.h is unchanged
config.status:1137: executing depfiles commands

## ---------------- ##
## Cache variables. ##
## ---------------- ##

ac_cv_c_bigendian=no
ac_cv_c_compiler_gnu=yes
ac_cv_c_const=yes
ac_cv_c_inline=inline
ac_cv_cxx_compiler_gnu=yes
ac_cv_env_CCC_set=
ac_cv_env_CCC_value=
ac_cv_env_CC_set=
ac_cv_env_CC_value=
ac_cv_env_CFLAGS_set=
ac_cv_env_CFLAGS_value=
ac_cv_env_CPPFLAGS_set=
ac_cv_env_CPPFLAGS_value=
ac_cv_env_CPP_set=
ac_cv_env_CPP_value=
ac_cv_env_CXXCPP_set=
ac_cv_env_CXXCPP_value=
ac_cv_env_CXXFLAGS_set=
ac_cv_env_CXXFLAGS_value=
ac_cv_env_CXX_set=
ac_cv_env_CXX_value=
ac_cv_env_LDFLAGS_set=
ac_cv_env_LDFLAGS_value=
ac_cv_env_LIBS_set=
ac_cv_env_LIBS_value=
ac_cv_env_XMKMF_set=
ac_cv_env_XMKMF_value=
ac_cv_env_build_alias_set=
ac_cv_env_build_alias_value=
ac_cv_env_host_alias_set=
ac_cv_env_host_alias_value=
ac_cv_env_target_alias_set=
ac_cv_env_target_alias_value=
ac_cv_func_dlopen=yes
ac_cv_func_strndup=yes
ac_cv_have_x='have_x=yes	ac_x_includes='\'''\''	ac_x_libraries='\'''\'''
ac_cv_header_AL_al_h=yes
ac_cv_header_AL_alut_h=yes
ac_cv_header_GL_gl_h=yes
ac_cv_header_GL_glut_h=yes
ac_cv_header_GL_glx_h=yes
ac_cv_header_X11_Xatom_h=yes
ac_cv_header_X11_Xlib_h=yes
ac_cv_header_X11_keysym_h=yes
ac_cv_header_inttypes_h=yes
ac_cv_header_plib_js_h=yes
ac_cv_header_plib_ssgAux_h=yes
ac_cv_header_plib_ssg_h=yes
ac_cv_header_plib_ul_h=yes
ac_cv_header_stdint_h=yes
ac_cv_header_stdio_h=yes
ac_cv_header_stdlib_h=yes
ac_cv_header_string_h=yes
ac_cv_header_strings_h=yes
ac_cv_header_sys_stat_h=yes
ac_cv_header_sys_time_h=yes
ac_cv_header_sys_types_h=yes
ac_cv_header_unistd_h=yes
ac_cv_header_vorbis_vorbisfile_h=yes
ac_cv_lib_GLU_gluOrtho2D=yes
ac_cv_lib_GL_glGetString=yes
ac_cv_lib_ICE_IceSetIOErrorHandler=yes
ac_cv_lib_SM_SmsSetErrorHandler=yes
ac_cv_lib_X11_XOpenDisplay=yes
ac_cv_lib_Xext_XShmCreateImage=yes
ac_cv_lib_Xi_XOpenDevice=yes
ac_cv_lib_Xmu_XmuSimpleErrorHandler=yes
ac_cv_lib_Xrandr_XRRQueryVersion=yes
ac_cv_lib_Xrender_XRenderSetSubpixelOrder=yes
ac_cv_lib_Xt_XtDisplay=yes
ac_cv_lib_Xxf86vm_XF86VidModeSetViewPort=yes
ac_cv_lib_alut_alutLoadWAVFile=yes
ac_cv_lib_dl_dlopen=yes
ac_cv_lib_glut_glutSwapBuffers=yes
ac_cv_lib_m_sin=yes
ac_cv_lib_openal_alEnable=yes
ac_cv_lib_plibjs_main=yes
ac_cv_lib_plibsg_main=yes
ac_cv_lib_plibsl_main=yes
ac_cv_lib_plibsm_main=yes
ac_cv_lib_plibssg_main=yes
ac_cv_lib_plibssgaux_main=yes
ac_cv_lib_plibul_main=yes
ac_cv_lib_png_png_init_io=yes
ac_cv_lib_vorbisfile_ov_fopen=yes
ac_cv_lib_z_crc32=yes
ac_cv_objext=o
ac_cv_path_EGREP='/usr/bin/grep -E'
ac_cv_path_GREP=/usr/bin/grep
ac_cv_path_install='/usr/bin/install -c'
ac_cv_path_mkdir=/usr/bin/mkdir
ac_cv_prog_AR=ar
ac_cv_prog_AWK=mawk
ac_cv_prog_CPP='gcc -E'
ac_cv_prog_CXXCPP='g++ -E'
ac_cv_prog_LD=ld
ac_cv_prog_ac_ct_CC=gcc
ac_cv_prog_ac_ct_CXX=g++
ac_cv_prog_ac_ct_RANLIB=ranlib
ac_cv_prog_cc_c11=
ac_cv_prog_cc_g=yes
ac_cv_prog_cc_stdc=
ac_cv_prog_cxx_11=no
ac_cv_prog_cxx_cxx11=
ac_cv_prog_cxx_g=yes
ac_cv_prog_cxx_stdcxx=
ac_cv_prog_make_make_set=yes
am_cv_CC_dependencies_compiler_type=none
am_cv_CXX_dependencies_compiler_type=none
am_cv_make_support_nested_variables=yes
am_cv_prog_cc_c_o=yes

## ----------------- ##
## Output variables. ##
## ----------------- ##

ACLOCAL='aclocal-1.16'
AMDEPBACKSLASH='\'
AMDEP_FALSE='#'
AMDEP_TRUE=''
AMTAR='$${TAR-tar}'
AM_BACKSLASH='\'
AM_DEFAULT_V='$(AM_DEFAULT_VERBOSITY)'
AM_DEFAULT_VERBOSITY='1'
AM_V='$(V)'
AR='ar'
AUTOCONF='autoconf'
AUTOHEADER='autoheader'
AUTOMAKE='automake-1.16'
AWK='mawk'
CC='gcc'
CCDEPMODE='depmode=none'
CFLAGS='-g -O2 -Wall -fPIC -fno-strict-aliasing -O2 -DUSE_RANDR_EXT -DGL_GLEXT_PROTOTYPES -Wall -fPIC -fno-strict-aliasing -O2 -DUSE_RANDR_EXT -DGL_GLEXT_PROTOTYPES'
CPP='gcc -E'
CPPFLAGS=''
CSCOPE='cscope'
CTAGS='ctags'
CXX='g++'
CXXCPP='g++ -E'
CXXDEPMODE='depmode=none'
CXXFLAGS='-g -O2 -Wall -fPIC -fno-strict-aliasing -O2 -DUSE_RANDR_EXT -DGL_GLEXT_PROTOTYPES -Wall -fPIC -fno-strict-aliasing -O2 -DUSE_RANDR_EXT -DGL_GLEXT_PROTOTYPES'
CYGPATH_W='echo'
DEFS='-DHAVE_CONFIG_H'
DEPDIR='.deps'
ECHO_C=''
ECHO_N='-n'
ECHO_T=''
EGREP='/usr/bin/grep -E'
ETAGS='etags'
EXEEXT=''
GREP='/usr/bin/grep'
INSTALL_DATA='${INSTALL} -m 644'
INSTALL_PROGRAM='${INSTALL}'
INSTALL_SCRIPT='${INSTALL}'
INSTALL_STRIP_PROGRAM='$(install_sh) -c -s'
LD='ld'
LDFLAGS=' -lopenal -lalut -lvorbisfile'
LIBOBJS=''
LIBS='-lplibjs -lplibssgaux -lplibssg -lplibsm -lplibsl -lplibsg -lplibul -lglut -lGLU -lGL -lpng -lz -ldl -lXrandr -lXrender -lXxf86vm -lXmu -lXi -lXt -lSM -lICE -lXext -lX11 -lm '
LTLIBOBJS=''
MAKEINFO='makeinfo'
MKDIR_P='/usr/bin/mkdir -p'
OBJEXT='o'
PACKAGE='torcs'
PACKAGE_BUGREPORT=''
PACKAGE_NAME=''
PACKAGE_STRING=''
PACKAGE_TARNAME=''
PACKAGE_URL=''
PACKAGE_VERSION=''
PATH_SEPARATOR=':'
RANLIB='ranlib'
SET_MAKE=''
SHELL='/bin/bash'
STRIP=''
TORCS_BASE='/home/kean/workspace/torcs-analysed'
VERSION='1.3.7'
XMKMF=''
ac_ct_CC='gcc'
ac_ct_CXX='g++'
am__EXEEXT_FALSE=''
am__EXEEXT_TRUE='#'
am__fastdepCC_FALSE=''
am__fastdepCC_TRUE='#'
am__fastdepCXX_FALSE=''
am__fastdepCXX_TRUE='#'
am__include='include'
am__isrc=''
am__leading_dot='.'
am__nodep='_no'
am__quote=''
am__tar='$${TAR-tar} chof - "$$tardir"'
am__untar='$${TAR-tar} xf -'
bindir='${exec_prefix}/bin'
build_alias=''
datadir='${datarootdir}'
datarootdir='${prefix}/share'
docdir='${datarootdir}/doc/${PACKAGE}'
dvidir='${docdir}'
exec_prefix='${prefix}'
host_alias=''
htmldir='${docdir}'
includedir='${prefix}/include'
infodir='${datarootdir}/info'
install_sh='${SHELL} /home/kean/workspace/torcs-analysed/install-sh'
libdir='${exec_prefix}/lib'
libexecdir='${exec_prefix}/libexec'
localedir='${datarootdir}/locale'
localstatedir='${prefix}/var'
mandir='${datarootdir}/man'
mkdir_p='$(MKDIR_P)'
oldincludedir='/usr/include'
pdfdir='${docdir}'
prefix='/home/kean/opt/torcs-analysed-1.3.7.1'
program_transform_name='s,x,x,'
psdir='${docdir}'
runstatedir='${localstatedir}/run'
sbindir='${exec_prefix}/sbin'
sharedstatedir='${prefix}/com'
sysconfdir='${prefix}/etc'
target_alias=''

## ----------- ##
## confdefs.h. ##
## ----------- ##

/* confdefs.h */
#define PACKAGE_NAME ""
#define PACKAGE_TARNAME ""
#define PACKAGE_VERSION ""
#define PACKAGE_STRING ""
#define PACKAGE_BUGREPORT ""
#define PACKAGE_URL ""
#define PACKAGE "torcs"
#define VERSION "1.3.7"
#define HAVE_STDIO_H 1
#define HAVE_STDLIB_H 1
#define HAVE_STRING_H 1
#define HAVE_INTTYPES_H 1
#define HAVE_STDINT_H 1
#define HAVE_STRINGS_H 1
#define HAVE_SYS_STAT_H 1
#define HAVE_SYS_TYPES_H 1
#define HAVE_UNISTD_H 1
#define HAVE_SYS_TIME_H 1
#define STDC_HEADERS 1
#define TIME_WITH_SYS_TIME 1
#define HAVE_LIBM 1
#define HAVE_LIBX11 1
#define HAVE_LIBXEXT 1
#define HAVE_LIBICE 1
#define HAVE_LIBSM 1
#define HAVE_LIBXT 1
#define HAVE_LIBXI 1
#define HAVE_LIBXMU 1
#define HAVE_LIBXXF86VM 1
#define HAVE_LIBXRENDER 1
#define HAVE_LIBXRANDR 1
#define HAVE_LIBDL 1
#define HAVE_STRNDUP 1
#define HAVE_LIBZ 1
#define HAVE_LIBPNG 1
#define HAVE_LIBGL 1
#define HAVE_LIBGLU 1
#define HAVE_LIBGLUT 1
#define HAVE_LIBPLIBUL 1
#define HAVE_LIBPLIBSG 1
#define HAVE_LIBPLIBSL 1
#define HAVE_LIBPLIBSM 1
#define HAVE_LIBPLIBSSG 1
#define HAVE_LIBPLIBSSGAUX 1
#define HAVE_LIBPLIBJS 1

configure: exit 0
